# Every JSON field name internal/azure decodes or sends, CONFIRMED to exist in the
# provider's own published API specs (Azure/azure-rest-api-specs, fetched without
# credentials). A name absent from this file has never been checked against the
# real API, and the gate fails rather than assume it (D795).
# Refresh: scripts/refresh-azure-fieldnames.sh
# checked against 803 stable swagger files: the NEWEST api-version per spec file,
# across the 29 Microsoft.* namespaces the drivers name
AAAARecords
ARecords
CNAMERecord
Configuration
DKIM
Frequency
MXRecords
TXTRecords
WebTest
actionGroupId
actions
agentPoolProfiles
allOf
allowBlobPublicAccess
allowInsecure
amount
apiServerAccessProfile
audiences
authorizedIPRanges
availabilityZoneMappings
availabilityZones
azureKeyVaultKms
backup
backupPolicy
backupRetentionDays
baseBlob
capacity
category
changeFeed
clientId
clusterResourceId
cname
code
configuration
contactEmails
contactGroups
containers
criteria
currentKubernetesVersion
currentSpend
dataActions
dataEncryption
dataLocation
datasourceTypes
daysAfterModificationGreaterThan
deadLetteringOnMessageExpiration
defaultMessageTimeToLive
definition
delegatedSubnetResourceId
delete
deleteAfter
destination
destinationAccount
diskEncryptionSet
diskEncryptionSetId
displayName
domainManagement
duration
enableNonSslPort
enablePrivateCluster
enabled
enabledState
encryption
encryptionSettings
encryptionWithCmk
endDate
endpointType
enforcement
error
etag
eventHubAuthorizationRuleId
exchange
extensions
external
features
filters
forecastSpend
format
fqdn
frontendIPConfigurations
fullyQualifiedDomainName
highAvailability
hostName
httpListener
httpListeners
httpsRedirect
id
image
immutabilityPeriodSinceCreationInDays
immutabilitySettings
ingress
inputs
ipConfigurations
ipv4Address
ipv6Address
isEnabled
isVersioningEnabled
isZoneRedundant
issuer
kafkaEnabled
keyName
keySource
keyVaultKeyUri
keyVaultProperties
keyVaultUri
kind
kty
kubernetesVersion
lenses
lifecycles
lifetimeActions
location
locationName
locations
logicalZone
logs
managedDisk
managedRuleSets
managedRules
migrationStatus
maxDeliveryCount
maximum
message
messageRetentionInDays
metadata
metricMeasureColumn
metricName
metrics
minReplicas
minimum
mode
model
name
natGateway
network
networkInterfaceConfigurations
networkInterfaces
networkProfile
networkSecurityGroup
nextLink
notActions
notDataActions
notifications
objectType
operator
osDisk
partitionCount
parts
permissions
policy
policyId
policyRules
policySettings
preference
prefixMatch
pricingTier
principalId
privateDnsZoneArmResourceId
profiles
properties
protocol
provisioningState
publicAccess
publicIPAddress
publicIPAddressConfiguration
publicNetworkAccess
query
queueName
redirectConfiguration
redirectConfigurations
redisVersion
repeatingTimeIntervals
replicaCount
requestRoutingRules
requiresDuplicateDetection
requiresSession
resourceId
retentionDurationInDays
retentionInDays
roleDefinitionId
rotationPolicy
ruleId
ruleSetType
rules
scale
schedule
securityProfile
securitySettings
service
serviceEndpoints
sku
skuConversionStatus
softDeleteSettings
source
sourceAccount
startDate
state
status
storageAccountId
storageAccountSkuConversionStatus
storageProfile
subPlan
subject
subnets
subscriptionId
supportedProtocols
tags
targetListener
targetSkuName
targetUrl
template
threshold
thresholdType
tier
timeAfterCreate
timeGrain
timePeriod
trigger
triggerType
type
unit
value
verificationStates
version
virtualMachineProfile
workspaceId
zoneRedundant
zoneRedundantHaSupported
zones
